..\venv\Scripts\pytho
n.exe :   File 
"<string>", line 1
At line:1 char:1
+ ..\venv\Scripts\pyt
hon.exe -c "try: 
import langchain_goog
le_genai; pr ...
+ ~~~~~~~~~~~~~~~~~~~
~~~~~~~~~~~~~~~~~~~~~
~~~~~~~~~~~~~~~~~~~~~
~~~~~~~~
    + CategoryInfo   
           : NotSpe  
  cified: (  File    
 "<string>", line    
 1:String) [], R    
emoteException
    + FullyQualified 
   ErrorId : Native  
  CommandError
 
    try: import langc
hain_google_genai; 
print('Success'); 
except Exception as 
e: print(e)
                     
                     
                
^^^^^^
SyntaxError: invalid 
syntax
